// Jest Snapshot v1, https://goo.gl/fbAQLP

exports[`app rendering test renders the app 1`] = `<Incrementor />`;
