// Jest Snapshot v1, https://goo.gl/fbAQLP

exports[`color display test displays the color 1`] = `
<div
  className="ColorDisplay"
  style={
    Object {
      "backgroundColor": "blue",
    }
  }
>
  blue
</div>
`;
