// Jest Snapshot v1, https://goo.gl/fbAQLP

exports[`random color test renders a random color 1`] = `<div />`;
